 zlibwapi

 Timestamp is 4fcd2257 (Mon Jun 04 14:02:15 2012)

 Preferred load address is 10000000

 Start         Length     Name                   Class
 0001:00000000 00022e01H .text                   CODE
 0002:00000000 00000124H .idata$5                DATA
 0002:00000124 00000004H .CRT$XCA                DATA
 0002:00000128 00000004H .CRT$XCZ                DATA
 0002:0000012c 00000004H .CRT$XIA                DATA
 0002:00000130 00000010H .CRT$XIC                DATA
 0002:00000140 00000004H .CRT$XIZ                DATA
 0002:00000144 00000004H .CRT$XPA                DATA
 0002:00000148 00000004H .CRT$XPX                DATA
 0002:0000014c 00000004H .CRT$XPXA               DATA
 0002:00000150 00000004H .CRT$XPZ                DATA
 0002:00000154 00000004H .CRT$XTA                DATA
 0002:00000158 00000004H .CRT$XTZ                DATA
 0002:00000160 00005770H .rdata                  DATA
 0002:000058d0 00000004H .rtc$IAA                DATA
 0002:000058d4 00000004H .rtc$IZZ                DATA
 0002:000058d8 00000004H .rtc$TAA                DATA
 0002:000058dc 00000004H .rtc$TZZ                DATA
 0002:000058e0 000004fcH .xdata$x                DATA
 0002:00005ddc 00000014H .idata$2                DATA
 0002:00005df0 00000014H .idata$3                DATA
 0002:00005e04 00000124H .idata$4                DATA
 0002:00005f28 00000522H .idata$6                DATA
 0002:00006450 00000c11H .edata                  DATA
 0003:00000000 000010f0H .data                   DATA
 0003:00001100 00001bc8H .bss                    DATA
 0004:00000000 00000058H .rsrc$01                DATA
 0004:00000060 00000330H .rsrc$02                DATA

  Address         Publics by Value              Rva+Base       Lib:Object

 0000:00000000       ___safe_se_handler_count   00000000     <absolute>
 0000:00000000       ___safe_se_handler_table   00000000     <absolute>
 0000:00000000       __except_list              00000000     <absolute>
 0000:00000000       ___ImageBase               10000000     <linker-defined>
 0001:00000000       _adler32@12                10001000 f   adler32.obj
 0001:00000590       _adler32_combine@12        10001590 f   adler32.obj
 0001:000005b0       _compress2@20              100015b0 f   compress.obj
 0001:00000670       _compress@16               10001670 f   compress.obj
 0001:00000690       _compressBound@4           10001690 f   compress.obj
 0001:000006c0       _get_crc_table@0           100016c0 f   crc32.obj
 0001:000006d0       _crc32@12                  100016d0 f   crc32.obj
 0001:00001370       _crc32_combine@12          10002370 f   crc32.obj
 0001:00001390       _deflateInit_@16           10002390 f   deflate.obj
 0001:000013c0       _deflateInit2_@32          100023c0 f   deflate.obj
 0001:00001700       _deflateSetDictionary@12   10002700 f   deflate.obj
 0001:00001970       _deflateResetKeep@4        10002970 f   deflate.obj
 0001:00001a70       _deflateReset@4            10002a70 f   deflate.obj
 0001:00001aa0       _deflateSetHeader@8        10002aa0 f   deflate.obj
 0001:00001ae0       _deflatePending@12         10002ae0 f   deflate.obj
 0001:00001b30       _deflatePrime@12           10002b30 f   deflate.obj
 0001:00001c10       _deflateParams@12          10002c10 f   deflate.obj
 0001:00001d40       _deflateTune@20            10002d40 f   deflate.obj
 0001:00001da0       _deflateBound@8            10002da0 f   deflate.obj
 0001:00002030       _deflate@8                 10003030 f   deflate.obj
 0001:00002f00       _deflateEnd@4              10003f00 f   deflate.obj
 0001:00003040       _deflateCopy@8             10004040 f   deflate.obj
 0001:00005030       _gzclose@4                 10006030 f   gzclose.obj
 0001:00005520       _gzopen@8                  10006520 f   gzlib.obj
 0001:00005540       _gzdopen@8                 10006540 f   gzlib.obj
 0001:000055b0       _gzopen_w@8                100065b0 f   gzlib.obj
 0001:000055d0       _gzbuffer@8                100065d0 f   gzlib.obj
 0001:00005630       _gzrewind@4                10006630 f   gzlib.obj
 0001:000056b0       _gzseek64@16               100066b0 f   gzlib.obj
 0001:00005990       _gzseek@12                 10006990 f   gzlib.obj
 0001:000059f0       _gztell64@4                100069f0 f   gzlib.obj
 0001:00005a70       _gztell@4                  10006a70 f   gzlib.obj
 0001:00005ac0       _gzoffset64@4              10006ac0 f   gzlib.obj
 0001:00005b60       _gzoffset@4                10006b60 f   gzlib.obj
 0001:00005bb0       _gzeof@4                   10006bb0 f   gzlib.obj
 0001:00005c10       _gzerror@8                 10006c10 f   gzlib.obj
 0001:00005c80       _gzclearerr@4              10006c80 f   gzlib.obj
 0001:00005cf0       _gz_error                  10006cf0 f   gzlib.obj
 0001:000064c0       _gzread@12                 100074c0 f   gzread.obj
 0001:000066e0       _gzgetc@4                  100076e0 f   gzread.obj
 0001:000067a0       _gzgetc_@4                 100077a0 f   gzread.obj
 0001:000067b0       _gzungetc@8                100077b0 f   gzread.obj
 0001:00006970       _gzgets@12                 10007970 f   gzread.obj
 0001:00006b20       _gzdirect@4                10007b20 f   gzread.obj
 0001:00006b70       _gzclose_r@4               10007b70 f   gzread.obj
 0001:00007080       _gzwrite@12                10008080 f   gzwrite.obj
 0001:00007270       _gzputc@8                  10008270 f   gzwrite.obj
 0001:00007380       _gzputs@8                  10008380 f   gzwrite.obj
 0001:000073d0       _gzprintf                  100083d0 f   gzwrite.obj
 0001:00007530       _gzflush@8                 10008530 f   gzwrite.obj
 0001:000075d0       _gzsetparams@12            100085d0 f   gzwrite.obj
 0001:000076c0       _gzclose_w@4               100086c0 f   gzwrite.obj
 0001:000077e0       _inflateBackInit_@20       100087e0 f   infback.obj
 0001:00007920       _inflateBack@20            10008920 f   infback.obj
 0001:00008cc0       _inflateBackEnd@4          10009cc0 f   infback.obj
 0001:00008d10       _inflateResetKeep@4        10009d10 f   inflate.obj
 0001:00008e10       _inflateReset@4            10009e10 f   inflate.obj
 0001:00008e60       _inflateReset2@8           10009e60 f   inflate.obj
 0001:00008f30       _inflateInit2_@16          10009f30 f   inflate.obj
 0001:00009030       _inflateInit_@12           1000a030 f   inflate.obj
 0001:00009050       _inflatePrime@12           1000a050 f   inflate.obj
 0001:000092d0       _inflate@8                 1000a2d0 f   inflate.obj
 0001:0000b2f0       _inflateEnd@4              1000c2f0 f   inflate.obj
 0001:0000b370       _inflateSetDictionary@12   1000c370 f   inflate.obj
 0001:0000b470       _inflateGetHeader@8        1000c470 f   inflate.obj
 0001:0000b550       _inflateSync@4             1000c550 f   inflate.obj
 0001:0000b6e0       _inflateSyncPoint@4        1000c6e0 f   inflate.obj
 0001:0000b730       _inflateCopy@8             1000c730 f   inflate.obj
 0001:0000b900       _inflateUndermine@8        1000c900 f   inflate.obj
 0001:0000b950       _inflateMark@4             1000c950 f   inflate.obj
 0001:0000b9d0       _inflate_table             1000c9d0 f   inftrees.obj
 0001:0000bfc0       _call_zopen64              1000cfc0 f   ioapi.obj
 0001:0000c010       _call_zseek64              1000d010 f   ioapi.obj
 0001:0000c090       _call_ztell64              1000d090 f   ioapi.obj
 0001:0000c0f0       _fill_zlib_filefunc64_32_def_from_filefunc32 1000d0f0 f   ioapi.obj
 0001:0000c340       _fill_fopen64_filefunc     1000d340 f   ioapi.obj
 0001:0000c490       _win32_open64_file_funcA   1000d490 f   iowin32.obj
 0001:0000c490       _win32_open64_file_func    1000d490 f   iowin32.obj
 0001:0000c490       _win32_open_file_func      1000d490 f   iowin32.obj
 0001:0000c500       _win32_open64_file_funcW   1000d500 f   iowin32.obj
 0001:0000c570       _win32_read_file_func      1000d570 f   iowin32.obj
 0001:0000c5e0       _win32_write_file_func     1000d5e0 f   iowin32.obj
 0001:0000c650       _win32_tell_file_func      1000d650 f   iowin32.obj
 0001:0000c6c0       _win32_tell64_file_func    1000d6c0 f   iowin32.obj
 0001:0000c760       _win32_seek_file_func      1000d760 f   iowin32.obj
 0001:0000c810       _win32_seek64_file_func    1000d810 f   iowin32.obj
 0001:0000c8d0       _win32_close_file_func     1000d8d0 f   iowin32.obj
 0001:0000c920       _win32_error_file_func     1000d920 f   iowin32.obj
 0001:0000c950       _fill_win32_filefunc       1000d950 f   iowin32.obj
 0001:0000c9b0       _fill_win32_filefunc64     1000d9b0 f   iowin32.obj
 0001:0000c9b0       _fill_win32_filefunc64A    1000d9b0 f   iowin32.obj
 0001:0000ca10       _fill_win32_filefunc64W    1000da10 f   iowin32.obj
 0001:0000ca80       __tr_init                  1000da80 f   trees.obj
 0001:0000e6b0       __tr_stored_block          1000f6b0 f   trees.obj
 0001:0000e7f0       __tr_flush_bits            1000f7f0 f   trees.obj
 0001:0000e810       __tr_align                 1000f810 f   trees.obj
 0001:0000ea60       __tr_flush_block           1000fa60 f   trees.obj
 0001:0000f9c0       _uncompress@16             100109c0 f   uncompr.obj
 0001:0000fed0       _unzStringFileNameCompare@12 10010ed0 f   unzip.obj
 0001:00010840       _unzOpen2@8                10011840 f   unzip.obj
 0001:00010890       _unzOpen2_64@8             10011890 f   unzip.obj
 0001:000108f0       _unzOpen@4                 100118f0 f   unzip.obj
 0001:00010910       _unzOpen64@4               10011910 f   unzip.obj
 0001:00010930       _unzClose@4                10011930 f   unzip.obj
 0001:00010990       _unzGetGlobalInfo64@8      10011990 f   unzip.obj
 0001:000109d0       _unzGetGlobalInfo@8        100119d0 f   unzip.obj
 0001:000111d0       _unzGetCurrentFileInfo64@32 100121d0 f   unzip.obj
 0001:00011210       _unzGetCurrentFileInfo@32  10012210 f   unzip.obj
 0001:00011310       _unzGoToFirstFile@4        10012310 f   unzip.obj
 0001:000113a0       _unzGoToNextFile@4         100123a0 f   unzip.obj
 0001:000114d0       _unzLocateFile@12          100124d0 f   unzip.obj
 0001:00011630       _unzGetFilePos64@8         10012630 f   unzip.obj
 0001:000116a0       _unzGetFilePos@8           100126a0 f   unzip.obj
 0001:000116e0       _unzGoToFilePos64@8        100126e0 f   unzip.obj
 0001:00011770       _unzGoToFilePos@8          10012770 f   unzip.obj
 0001:00011b10       _unzOpenCurrentFile3@20    10012b10 f   unzip.obj
 0001:00011e80       _unzOpenCurrentFile@4      10012e80 f   unzip.obj
 0001:00011ea0       _unzOpenCurrentFilePassword@8 10012ea0 f   unzip.obj
 0001:00011ec0       _unzOpenCurrentFile2@16    10012ec0 f   unzip.obj
 0001:00011ee0       _unzGetCurrentFileZStreamPos64@4 10012ee0 f   unzip.obj
 0001:00011f40       _unzReadCurrentFile@12     10012f40 f   unzip.obj
 0001:00012410       _unztell@4                 10013410 f   unzip.obj
 0001:00012450       _unztell64@4               10013450 f   unzip.obj
 0001:000124a0       _unzeof@4                  100134a0 f   unzip.obj
 0001:00012500       _unzGetLocalExtrafield@12  10013500 f   unzip.obj
 0001:00012610       _unzCloseCurrentFile@4     10013610 f   unzip.obj
 0001:000126f0       _unzGetGlobalComment@12    100136f0 f   unzip.obj
 0001:00013720       _LoadCentralDirectoryRecord 10014720 f   zip.obj
 0001:00013d90       _zipOpen3@16               10014d90 f   zip.obj
 0001:00013f50       _zipOpen2@16               10014f50 f   zip.obj
 0001:00013fa0       _zipOpen2_64@16            10014fa0 f   zip.obj
 0001:00014000       _zipOpen@8                 10015000 f   zip.obj
 0001:00014000       _zipOpen64@8               10015000 f   zip.obj
 0001:00014020       _Write_LocalFileHeader     10015020 f   zip.obj
 0001:000143b0       _zipOpenNewFileInZip4_64@76 100153b0 f   zip.obj
 0001:00014b00       _zipOpenNewFileInZip3@64   10015b00 f   zip.obj
 0001:00014b60       _zipOpenNewFileInZip3_64@68 10015b60 f   zip.obj
 0001:00014bc0       _zipOpenNewFileInZip2@44   10015bc0 f   zip.obj
 0001:00014c10       _zipOpenNewFileInZip2_64@48 10015c10 f   zip.obj
 0001:00014c60       _zipOpenNewFileInZip64@44  10015c60 f   zip.obj
 0001:00014cb0       _zipOpenNewFileInZip@40    10015cb0 f   zip.obj
 0001:00014e50       _zipWriteInFileInZip@12    10015e50 f   zip.obj
 0001:00015050       _zipCloseFileInZipRaw@12   10016050 f   zip.obj
 0001:00015070       _zipCloseFileInZipRaw64@16 10016070 f   zip.obj
 0001:00015780       _zipCloseFileInZip@4       10016780 f   zip.obj
 0001:000157a0       _Write_Zip64EndOfCentralDirectoryLocator 100167a0 f   zip.obj
 0001:00015860       _Write_Zip64EndOfCentralDirectoryRecord 10016860 f   zip.obj
 0001:00015a10       _Write_EndOfCentralDirectoryRecord 10016a10 f   zip.obj
 0001:00015c00       _Write_GlobalComment       10016c00 f   zip.obj
 0001:00015c90       _zipClose@8                10016c90 f   zip.obj
 0001:00015eb0       _zlibVersion@0             10016eb0 f   zutil.obj
 0001:00015ec0       _zlibCompileFlags@0        10016ec0 f   zutil.obj
 0001:00015ff0       _zError@4                  10016ff0 f   zutil.obj
 0001:00016010       _zcalloc                   10017010 f   zutil.obj
 0001:00016040       _zcfree                    10017040 f   zutil.obj
 0001:00016054       _longest_match             10017054 f   match686.obj
 0001:0001623c       _match_init                1001723c f   match686.obj
 0001:00016340       _inflate_fast              10017340 f   inffas32.obj
 0001:000169e0       _memcpy                    100179e0 f   LIBCMT:memcpy.obj
 0001:00016d50       _memset                    10017d50 f   LIBCMT:memset.obj
 0001:00016dca       _sprintf                   10017dca f   LIBCMT:sprintf.obj
 0001:00016e47       __lseeki64_nolock          10017e47 f   LIBCMT:lseeki64.obj
 0001:00016ecc       __lseeki64                 10017ecc f   LIBCMT:lseeki64.obj
 0001:00017705       __wopen                    10018705 f   LIBCMT:wopen.obj
 0001:000177bb       _free                      100187bb f   LIBCMT:free.obj
 0001:00017849       _V6_HeapAlloc              10018849 f   LIBCMT:malloc.obj
 0001:00017898       _malloc                    10018898 f   LIBCMT:malloc.obj
 0001:00017970       _strlen                    10018970 f   LIBCMT:strlen.obj
 0001:00017a00       _strcpy                    10018a00 f   LIBCMT:strcat.obj
 0001:00017a10       _strcat                    10018a10 f   LIBCMT:strcat.obj
 0001:00017af8       ??0_LocaleUpdate@@QAE@PAUlocaleinfo_struct@@@Z 10018af8 f i LIBCMT:wcstombs.obj
 0001:00017b7f       __wcstombs_l_helper        10018b7f f   LIBCMT:wcstombs.obj
 0001:00017dc1       _wcstombs                  10018dc1 f   LIBCMT:wcstombs.obj
 0001:00017ddb       __get_sys_err_msg          10018ddb f i LIBCMT:strerror.obj
 0001:00017e03       _strerror                  10018e03 f   LIBCMT:strerror.obj
 0001:00017e70       _memchr                    10018e70 f   LIBCMT:memchr.obj
 0001:00017f1d       __get_errno_from_oserr     10018f1d f   LIBCMT:dosmap.obj
 0001:00017f5f       __errno                    10018f5f f   LIBCMT:dosmap.obj
 0001:00017f72       ___doserrno                10018f72 f   LIBCMT:dosmap.obj
 0001:00017f85       __dosmaperr                10018f85 f   LIBCMT:dosmap.obj
 0001:00017fa8       __ftelli64_nolock          10018fa8 f   LIBCMT:ftelli64.obj
 0001:000182f4       __ftelli64                 100192f4 f   LIBCMT:ftelli64.obj
 0001:0001833e       __fseeki64_nolock          1001933e f   LIBCMT:fseeki64.obj
 0001:000183da       __fseeki64                 100193da f   LIBCMT:fseeki64.obj
 0001:00018429       __fsopen                   10019429 f   LIBCMT:fopen.obj
 0001:000184ed       _fopen                     100194ed f   LIBCMT:fopen.obj
 0001:00018504       __fread_nolock_s           10019504 f   LIBCMT:fread.obj
 0001:0001870e       _fread_s                   1001970e f   LIBCMT:fread.obj
 0001:000187a4       _fread                     100197a4 f   LIBCMT:fread.obj
 0001:000187c1       _ferror                    100197c1 f   LIBCMT:feoferr.obj
 0001:000187f5       __fwrite_nolock            100197f5 f   LIBCMT:fwrite.obj
 0001:00018957       _fwrite                    10019957 f   LIBCMT:fwrite.obj
 0001:000189d9       __fclose_nolock            100199d9 f   LIBCMT:fclose.obj
 0001:00018a50       _fclose                    10019a50 f   LIBCMT:fclose.obj
 0001:00018ad0       _strcmp                    10019ad0 f   LIBCMT:strcmp.obj
 0001:00018b58       _srand                     10019b58 f   LIBCMT:rand.obj
 0001:00018b6a       _rand                      10019b6a f   LIBCMT:rand.obj
 0001:00018b8c       __time64                   10019b8c f   LIBCMT:time64.obj
 0001:00018bdd       __CRT_INIT@12              10019bdd f   LIBCMT:dllcrt0.obj
 0001:00018e08       __DllMainCRTStartup@12     10019e08 f   LIBCMT:dllcrt0.obj
 0001:00018eb2       __VEC_memcpy               10019eb2 f   LIBCMT:p4_memcpy.obj
 0001:00018fe5       __get_sse2_info            10019fe5 f   LIBCMT:cpu_disp.obj
 0001:00019047       ___sse2_available_init     1001a047 f   LIBCMT:cpu_disp.obj
 0001:000190ab       __VEC_memzero              1001a0ab f   LIBCMT:p4_memset.obj
 0001:0001913a       __flsbuf                   1001a13a f   LIBCMT:_flsbuf.obj
 0001:00019344       __output_l                 1001a344 f   LIBCMT:output.obj
 0001:00019edc       __initp_misc_invarg        1001aedc f   LIBCMT:invarg.obj
 0001:00019eeb       __invoke_watson            1001aeeb f   LIBCMT:invarg.obj
 0001:0001a013       __invalid_parameter        1001b013 f   LIBCMT:invarg.obj
 0001:0001a039       __ioinit                   1001b039 f   LIBCMT:ioinit.obj
 0001:0001a28d       __ioterm                   1001b28d f   LIBCMT:ioinit.obj
 0001:0001a2db       __set_osfhnd               1001b2db f   LIBCMT:osfinfo.obj
 0001:0001a35c       __free_osfhnd              1001b35c f   LIBCMT:osfinfo.obj
 0001:0001a3e2       __get_osfhandle            1001b3e2 f   LIBCMT:osfinfo.obj
 0001:0001a459       ___lock_fhandle            1001b459 f   LIBCMT:osfinfo.obj
 0001:0001a4f9       __unlock_fhandle           1001b4f9 f   LIBCMT:osfinfo.obj
 0001:0001a520       __alloc_osfhnd             1001b520 f   LIBCMT:osfinfo.obj
 0001:0001a6bc       __SEH_prolog4              1001b6bc f   LIBCMT:sehprolg4.obj
 0001:0001a701       __SEH_epilog4              1001b701 f   LIBCMT:sehprolg4.obj
 0001:0001a720       __except_handler4          1001b720 f   LIBCMT:chandler4.obj
 0001:0001a8ac       __write_nolock             1001b8ac f   LIBCMT:write.obj
 0001:0001afdf       _write                     1001bfdf f   LIBCMT:write.obj
 0001:0001afdf       __write                    1001bfdf f   LIBCMT:write.obj
 0001:0001b0bb       __chsize_nolock            1001c0bb f   LIBCMT:chsize.obj
 0001:0001b271       __read_nolock              1001c271 f   LIBCMT:read.obj
 0001:0001b833       __read                     1001c833 f   LIBCMT:read.obj
 0001:0001b833       _read                      1001c833 f   LIBCMT:read.obj
 0001:0001b930       __close_nolock             1001c930 f   LIBCMT:close.obj
 0001:0001b9cc       __close                    1001c9cc f   LIBCMT:close.obj
 0001:0001b9cc       _close                     1001c9cc f   LIBCMT:close.obj
 0001:0001ba99       __lseek_nolock             1001ca99 f   LIBCMT:lseek.obj
 0001:0001bb0e       __crt_waiting_on_module_handle 1001cb0e f   LIBCMT:crt0dat.obj
 0001:0001bb3e       __amsg_exit                1001cb3e f   LIBCMT:crt0dat.obj
 0001:0001bb67       ___crtCorExitProcess       1001cb67 f   LIBCMT:crt0dat.obj
 0001:0001bb92       ___crtExitProcess          1001cb92 f   LIBCMT:crt0dat.obj
 0001:0001bbaa       __lockexit                 1001cbaa f   LIBCMT:crt0dat.obj
 0001:0001bbb3       __unlockexit               1001cbb3 f   LIBCMT:crt0dat.obj
 0001:0001bbd9       __initterm_e               1001cbd9 f   LIBCMT:crt0dat.obj
 0001:0001bbfd       __cinit                    1001cbfd f   LIBCMT:crt0dat.obj
 0001:0001bdae       __exit                     1001cdae f   LIBCMT:crt0dat.obj
 0001:0001bdc4       __cexit                    1001cdc4 f   LIBCMT:crt0dat.obj
 0001:0001bdd3       __init_pointers            1001cdd3 f   LIBCMT:crt0dat.obj
 0001:0001be21       __setmode_nolock           1001ce21 f   LIBCMT:setmode.obj
 0001:0001bedd       __get_fmode                1001cedd f   LIBCMT:setmode.obj
 0001:0001bf16       __heap_init                1001cf16 f   LIBCMT:heapinit.obj
 0001:0001bf46       __heap_term                1001cf46 f   LIBCMT:heapinit.obj
 0001:0001bfba       __mtinitlocks              1001cfba f   LIBCMT:mlock.obj
 0001:0001c005       __mtdeletelocks            1001d005 f   LIBCMT:mlock.obj
 0001:0001c05c       __unlock                   1001d05c f   LIBCMT:mlock.obj
 0001:0001c073       __mtinitlocknum            1001d073 f   LIBCMT:mlock.obj
 0001:0001c136       __lock                     1001d136 f   LIBCMT:mlock.obj
 0001:0001c169       ___sbh_find_block          1001d169 f   LIBCMT:sbheap.obj
 0001:0001c199       ___sbh_free_block          1001d199 f   LIBCMT:sbheap.obj
 0001:0001c4af       ___sbh_alloc_new_region    1001d4af f   LIBCMT:sbheap.obj
 0001:0001c55f       ___sbh_alloc_new_group     1001d55f f   LIBCMT:sbheap.obj
 0001:0001c667       ___sbh_resize_block        1001d667 f   LIBCMT:sbheap.obj
 0001:0001c948       ___sbh_alloc_block         1001d948 f   LIBCMT:sbheap.obj
 0001:0001cc2d       __NMSG_WRITE               1001dc2d f   LIBCMT:crt0msg.obj
 0001:0001cdd8       __FF_MSGBANNER             1001ddd8 f   LIBCMT:crt0msg.obj
 0001:0001ce11       __initp_heap_handler       1001de11 f   LIBCMT:handler.obj
 0001:0001ce20       __callnewh                 1001de20 f   LIBCMT:handler.obj
 0001:0001d06e       ___updatetmbcinfo          1001e06e f   LIBCMT:mbctype.obj
 0001:0001d18e       __setmbcp_nolock           1001e18e f   LIBCMT:mbctype.obj
 0001:0001d373       __setmbcp                  1001e373 f   LIBCMT:mbctype.obj
 0001:0001d50d       ___initmbctable            1001e50d f   LIBCMT:mbctype.obj
 0001:0001d52b       ___freetlocinfo            1001e52b f   LIBCMT:setlocal.obj
 0001:0001d674       ___addlocaleref            1001e674 f   LIBCMT:setlocal.obj
 0001:0001d703       ___removelocaleref         1001e703 f   LIBCMT:setlocal.obj
 0001:0001d7da       ___updatetlocinfo          1001e7da f   LIBCMT:setlocal.obj
 0001:0001d850       __encode_pointer           1001e850 f   LIBCMT:tidtable.obj
 0001:0001d8c2       __encoded_null             1001e8c2 f   LIBCMT:tidtable.obj
 0001:0001d8cb       __decode_pointer           1001e8cb f   LIBCMT:tidtable.obj
 0001:0001d93d       ___crtTlsAlloc@4           1001e93d f   LIBCMT:tidtable.obj
 0001:0001d946       ___set_flsgetvalue         1001e946 f   LIBCMT:tidtable.obj
 0001:0001d97a       __mtterm                   1001e97a f   LIBCMT:tidtable.obj
 0001:0001d9b7       __initptd                  1001e9b7 f   LIBCMT:tidtable.obj
 0001:0001da9e       __getptd_noexit            1001ea9e f   LIBCMT:tidtable.obj
 0001:0001db17       __getptd                   1001eb17 f   LIBCMT:tidtable.obj
 0001:0001db31       __freefls@4                1001eb31 f   LIBCMT:tidtable.obj
 0001:0001dc60       __freeptd                  1001ec60 f   LIBCMT:tidtable.obj
 0001:0001dcce       __mtinit                   1001ecce f   LIBCMT:tidtable.obj
 0001:0001de5b       _wcslen                    1001ee5b f   LIBCMT:wcslen.obj
 0001:0001de75       @__security_check_cookie@4 1001ee75 f   LIBCMT:secchk.obj
 0001:0001de84       ___sys_nerr                1001ee84 f   LIBCMT:syserr.obj
 0001:0001de8a       ___sys_errlist             1001ee8a f   LIBCMT:syserr.obj
 0001:0001de90       _strcpy_s                  1001ee90 f   LIBCMT:strcpy_s.obj
 0001:0001def8       __malloc_crt               1001eef8 f   LIBCMT:crtheap.obj
 0001:0001df3d       __calloc_crt               1001ef3d f   LIBCMT:crtheap.obj
 0001:0001df89       __realloc_crt              1001ef89 f   LIBCMT:crtheap.obj
 0001:0001dfd7       _strncpy_s                 1001efd7 f   LIBCMT:strncpy_s.obj
 0001:0001e08c       __vsnprintf_l              1001f08c f   LIBCMT:vsnprint.obj
 0001:0001e13f       __vsnprintf                1001f13f f   LIBCMT:vsnprint.obj
 0001:0001e13f       _vsnprintf                 1001f13f f   LIBCMT:vsnprint.obj
 0001:0001e15c       __fileno                   1001f15c f   LIBCMT:fileno.obj
 0001:0001e190       __chkstk                   1001f190 f   LIBCMT:chkstk.obj
 0001:0001e190       __alloca_probe             1001f190     LIBCMT:chkstk.obj
 0001:0001e1bb       ___iob_func                1001f1bb f   LIBCMT:_file.obj
 0001:0001e1c1       ___initstdio               1001f1c1 f   LIBCMT:_file.obj
 0001:0001e272       ___endstdio                1001f272 f   LIBCMT:_file.obj
 0001:0001e292       __lock_file                1001f292 f   LIBCMT:_file.obj
 0001:0001e2d3       __lock_file2               1001f2d3 f   LIBCMT:_file.obj
 0001:0001e305       __unlock_file              1001f305 f   LIBCMT:_file.obj
 0001:0001e341       __unlock_file2             1001f341 f   LIBCMT:_file.obj
 0001:0001e370       __flush                    1001f370 f   LIBCMT:fflush.obj
 0001:0001e3d8       __fflush_nolock            1001f3d8 f   LIBCMT:fflush.obj
 0001:0001e4fa       __flushall                 1001f4fa f   LIBCMT:fflush.obj
 0001:0001e503       __openfile                 1001f503 f   LIBCMT:_open.obj
 0001:0001e7cc       __getstream                1001f7cc f   LIBCMT:stream.obj
 0001:0001e904       __local_unwind4            1001f904 f   LIBCMT:exsup4.obj
 0001:0001e9da       __seh_longjmp_unwind4@4    1001f9da f   LIBCMT:exsup4.obj
 0001:0001e9f6       @_EH4_CallFilterFunc@8     1001f9f6 f   LIBCMT:exsup4.obj
 0001:0001ea0d       @_EH4_TransferToHandler@8  1001fa0d f   LIBCMT:exsup4.obj
 0001:0001ea26       @_EH4_GlobalUnwind@4       1001fa26 f   LIBCMT:exsup4.obj
 0001:0001ea40       @_EH4_LocalUnwind@16       1001fa40 f   LIBCMT:exsup4.obj
 0001:0001ea57       __filbuf                   1001fa57 f   LIBCMT:_filbuf.obj
 0001:0001eb82       _memcpy_s                  1001fb82 f   LIBCMT:memcpy_s.obj
 0001:0001ebff       __freebuf                  1001fbff f   LIBCMT:_freebuf.obj
 0001:0001ec30       __aulldiv                  1001fc30 f   LIBCMT:ulldiv.obj
 0001:0001ec98       __setenvp                  1001fc98 f   LIBCMT:stdenvp.obj
 0001:0001ef10       __setargv                  1001ff10 f   LIBCMT:stdargv.obj
 0001:0001efcb       ___crtGetEnvironmentStringsA 1001ffcb f   LIBCMT:a_env.obj
 0001:0001f102       __RTC_Initialize           10020102 f   LIBCMT:_initsect_.obj
 0001:0001f128       __RTC_Terminate            10020128 f   LIBCMT:_initsect_.obj
 0001:0001f14e       __initp_misc_winxfltr      1002014e f   LIBCMT:winxfltr.obj
 0001:0001f14f       __XcptFilter               1002014f f   LIBCMT:winxfltr.obj
 0001:0001f2af       ___CppXcptFilter           100202af f   LIBCMT:winxfltr.obj
 0001:0001f2cf       _DllMain@12                100202cf f   LIBCMT:dllmain.obj
 0001:0001f2d5       ___security_init_cookie    100202d5 f   LIBCMT:gs_support.obj
 0001:0001f36b       __getbuf                   1002036b f   LIBCMT:_getbuf.obj
 0001:0001f3b4       __isatty                   100203b4 f   LIBCMT:isatty.obj
 0001:0001f418       __initp_misc_cfltcvt_tab   10020418 f   LIBCMT:cmiscdat.obj
 0001:0001f439       __get_printf_count_output  10020439 f   LIBCMT:printf.obj
 0001:0001f44f       __wctomb_s_l               1002044f f   LIBCMT:wctomb.obj
 0001:0001f5bb       _wctomb_s                  100205bb f   LIBCMT:wctomb.obj
 0001:0001f5d8       __isleadbyte_l             100205d8 f i LIBCMT:_wctype.obj
 0001:0001f610       _isleadbyte                10020610 f i LIBCMT:_wctype.obj
 0001:0001f630       __aulldvrm                 10020630 f   LIBCMT:ulldvrm.obj
 0001:0001f6c5       __crt_debugger_hook        100206c5 f   LIBCMT:dbghook.obj
 0001:0001f6cd       __initp_misc_initcrit      100206cd f   LIBCMT:initcrit.obj
 0001:0001f6dc       ___crtInitCritSecAndSpinCount 100206dc f   LIBCMT:initcrit.obj
 0001:0001f740       __ValidateImageBase        10020740 f   LIBCMT:pesect.obj
 0001:0001f780       __FindPESection            10020780 f   LIBCMT:pesect.obj
 0001:0001f7d0       __IsNonwritableInCurrentImage 100207d0 f   LIBCMT:pesect.obj
 0001:0001f88d       __putwch_nolock            1002088d f   LIBCMT:putwch.obj
 0001:0001f952       __mbtowc_l                 10020952 f   LIBCMT:mbtowc.obj
 0001:0001fa69       _mbtowc                    10020a69 f   LIBCMT:mbtowc.obj
 0001:0001fb3d       ___onexitinit              10020b3d f   LIBCMT:onexit.obj
 0001:0001fb6e       __onexit                   10020b6e f   LIBCMT:onexit.obj
 0001:0001fbaa       _atexit                    10020baa f   LIBCMT:onexit.obj
 0001:0001fbc1       ?terminate@@YAXXZ          10020bc1 f   LIBCMT:hooks.obj
 0001:0001fbfa       __initp_eh_hooks           10020bfa f   LIBCMT:hooks.obj
 0001:0001fc0b       __initp_misc_winsig        10020c0b f   LIBCMT:winsig.obj
 0001:0001fc60       ___get_sigabrt             10020c60 f   LIBCMT:winsig.obj
 0001:0001fc6d       _raise                     10020c6d f   LIBCMT:winsig.obj
 0001:0001fe1d       __initp_misc_rand_s        10020e1d f   LIBCMT:rand_s.obj
 0001:0001fe2c       __initp_misc_purevirt      10020e2c f   LIBCMT:inithelp.obj
 0001:0001fe40       _memmove                   10020e40 f   LIBCMT:memmove.obj
 0001:000201a5       ___crtMessageBoxA          100211a5 f   LIBCMT:crtmbox.obj
 0001:0002030e       _strcat_s                  1002130e f   LIBCMT:strcat_s.obj
 0001:00020382       __set_error_mode           10021382 f   LIBCMT:errmode.obj
 0001:000203cd       __freea                    100213cd f i LIBCMT:a_map.obj
 0001:00020792       ___crtLCMapStringA         10021792 f   LIBCMT:a_map.obj
 0001:00020991       ___crtGetStringTypeA       10021991 f   LIBCMT:a_str.obj
 0001:000209d3       ___free_lc_time            100219d3 f   LIBCMT:inittime.obj
 0001:00020b68       ___free_lconv_num          10021b68 f   LIBCMT:initnum.obj
 0001:00020bad       ___free_lconv_mon          10021bad f   LIBCMT:initmon.obj
 0001:00020c40       _strcspn                   10021c40 f   LIBCMT:strcspn.obj
 0001:00020c86       _strncmp                   10021c86 f   LIBCMT:strncmp.obj
 0001:00020d50       _strpbrk                   10021d50 f   LIBCMT:strpbrk.obj
 0001:00020d90       ___report_gsfailure        10021d90 f   LIBCMT:gs_report.obj
 0001:00020e96       __calloc_impl              10021e96 f   LIBCMT:calloc_impl.obj
 0001:00020fb4       _realloc                   10021fb4 f   LIBCMT:realloc.obj
 0001:000211cf       __fcloseall                100221cf f   LIBCMT:closeall.obj
 0001:0002126e       __commit                   1002226e f   LIBCMT:commit.obj
 0001:00021a6e       _open                      10022a6e f   LIBCMT:open.obj
 0001:00021a6e       __open                     10022a6e f   LIBCMT:open.obj
 0001:00021b24       __sopen_helper             10022b24 f   LIBCMT:open.obj
 0001:00021bf0       __sopen_s                  10022bf0 f   LIBCMT:open.obj
 0001:00021c10       __mbsnbicmp_l              10022c10 f   LIBCMT:mbsnbicm.obj
 0001:00021e3b       __mbsnbicmp                10022e3b f   LIBCMT:mbsnbicm.obj
 0001:00021e55       __mbsnbcmp_l               10022e55 f   LIBCMT:mbsnbcmp.obj
 0001:00021fbf       __mbsnbcmp                 10022fbf f   LIBCMT:mbsnbcmp.obj
 0001:00021fdc       __global_unwind2           10022fdc f   LIBCMT:exsup.obj
 0001:00022041       __local_unwind2            10023041 f   LIBCMT:exsup.obj
 0001:000220c5       __abnormal_termination     100230c5 f   LIBCMT:exsup.obj
 0001:000220e8       __NLG_Notify1              100230e8 f   LIBCMT:exsup.obj
 0001:000220f1       __NLG_Notify               100230f1 f   LIBCMT:exsup.obj
 0001:00022108       __NLG_Dispatch             10023108     LIBCMT:exsup.obj
 0001:00022108       __NLG_Dispatch2            10023108     LIBCMT:exsup.obj
 0001:00022110       __NLG_Call                 10023110 f   LIBCMT:exsup.obj
 0001:00022112       __NLG_Return2              10023112     LIBCMT:exsup.obj
 0001:00022166       __ismbblead                10023166 f   LIBCMT:ismbbyte.obj
 0001:0002217e       __fptrap                   1002317e f   LIBCMT:crt0fp.obj
 0001:000223b6       _strtol                    100233b6 f   LIBCMT:strtol.obj
 0001:000223e1       ___initconout              100233e1 f   LIBCMT:initcon.obj
 0001:00022400       ___termcon                 10023400 f   LIBCMT:initcon.obj
 0001:0002242d       __msize                    1002342d f   LIBCMT:msize.obj
 0001:000224d0       _abort                     100234d0 f   LIBCMT:abort.obj
 0001:000225e7       ___ansicp                  100235e7 f   LIBCMT:convrtcp.obj
 0001:00022630       ___convertcp               10023630 f   LIBCMT:convrtcp.obj
 0001:000227f0       __alloca_probe_16          100237f0 f   LIBCMT:alloca16.obj
 0001:00022806       __alloca_probe_8           10023806     LIBCMT:alloca16.obj
 0001:0002281c       _atol                      1002381c f   LIBCMT:atox.obj
 0001:00022832       __strnicmp_l               10023832 f   LIBCMT:strnicmp.obj
 0001:00022924       __strnicmp                 10023924 f   LIBCMT:strnicmp.obj
 0001:00022982       __isctype_l                10023982 f   LIBCMT:isctype.obj
 0001:00022a3a       __tolower_l                10023a3a f   LIBCMT:tolower.obj
 0001:00022b50       ___ascii_strnicmp          10023b50 f   LIBCMT:_strnicm.obj
 0001:00022bc0       __allmul                   10023bc0 f   LIBCMT:llmul.obj
 0001:00022c10       _strchr                    10023c10 f   LIBCMT:strchr.obj
 0001:00022c16       ___from_strstr_to_strchr   10023c16     LIBCMT:strchr.obj
 0001:00022cce       _RtlUnwind@16              10023cce f   kernel32:KERNEL32.dll
 0001:00022ce0       __aullshr                  10023ce0 f   LIBCMT:ullshr.obj
 0001:00022d00       __allrem                   10023d00 f   LIBCMT:llrem.obj
 0001:00022dc0       __allshl                   10023dc0 f   LIBCMT:llshl.obj
 0001:00022de0       __allshr                   10023de0 f   LIBCMT:llshr.obj
 0002:00000000       __imp__CreateFileA@28      10024000     kernel32:KERNEL32.dll
 0002:00000004       __imp__SetFilePointer@16   10024004     kernel32:KERNEL32.dll
 0002:00000008       __imp__WriteFile@20        10024008     kernel32:KERNEL32.dll
 0002:0000000c       __imp__ReadFile@20         1002400c     kernel32:KERNEL32.dll
 0002:00000010       __imp__CreateFileW@28      10024010     kernel32:KERNEL32.dll
 0002:00000014       __imp__GetLastError@0      10024014     kernel32:KERNEL32.dll
 0002:00000018       __imp__CloseHandle@4       10024018     kernel32:KERNEL32.dll
 0002:0000001c       __imp__GetFileType@4       1002401c     kernel32:KERNEL32.dll
 0002:00000020       __imp__HeapFree@12         10024020     kernel32:KERNEL32.dll
 0002:00000024       __imp__HeapAlloc@12        10024024     kernel32:KERNEL32.dll
 0002:00000028       __imp__WideCharToMultiByte@32 10024028     kernel32:KERNEL32.dll
 0002:0000002c       __imp__GetSystemTimeAsFileTime@4 1002402c     kernel32:KERNEL32.dll
 0002:00000030       __imp__GetCurrentThreadId@0 10024030     kernel32:KERNEL32.dll
 0002:00000034       __imp__GetCommandLineA@0   10024034     kernel32:KERNEL32.dll
 0002:00000038       __imp__TerminateProcess@8  10024038     kernel32:KERNEL32.dll
 0002:0000003c       __imp__GetCurrentProcess@0 1002403c     kernel32:KERNEL32.dll
 0002:00000040       __imp__UnhandledExceptionFilter@4 10024040     kernel32:KERNEL32.dll
 0002:00000044       __imp__SetUnhandledExceptionFilter@4 10024044     kernel32:KERNEL32.dll
 0002:00000048       __imp__IsDebuggerPresent@0 10024048     kernel32:KERNEL32.dll
 0002:0000004c       __imp__SetHandleCount@4    1002404c     kernel32:KERNEL32.dll
 0002:00000050       __imp__GetStdHandle@4      10024050     kernel32:KERNEL32.dll
 0002:00000054       __imp__GetStartupInfoA@4   10024054     kernel32:KERNEL32.dll
 0002:00000058       __imp__DeleteCriticalSection@4 10024058     kernel32:KERNEL32.dll
 0002:0000005c       __imp__SetStdHandle@8      1002405c     kernel32:KERNEL32.dll
 0002:00000060       __imp__EnterCriticalSection@4 10024060     kernel32:KERNEL32.dll
 0002:00000064       __imp__LeaveCriticalSection@4 10024064     kernel32:KERNEL32.dll
 0002:00000068       __imp__GetConsoleCP@0      10024068     kernel32:KERNEL32.dll
 0002:0000006c       __imp__GetConsoleMode@8    1002406c     kernel32:KERNEL32.dll
 0002:00000070       __imp__SetEndOfFile@4      10024070     kernel32:KERNEL32.dll
 0002:00000074       __imp__GetProcessHeap@0    10024074     kernel32:KERNEL32.dll
 0002:00000078       __imp__MultiByteToWideChar@24 10024078     kernel32:KERNEL32.dll
 0002:0000007c       __imp__GetModuleHandleW@4  1002407c     kernel32:KERNEL32.dll
 0002:00000080       __imp__Sleep@4             10024080     kernel32:KERNEL32.dll
 0002:00000084       __imp__GetProcAddress@8    10024084     kernel32:KERNEL32.dll
 0002:00000088       __imp__ExitProcess@4       10024088     kernel32:KERNEL32.dll
 0002:0000008c       __imp__HeapCreate@12       1002408c     kernel32:KERNEL32.dll
 0002:00000090       __imp__HeapDestroy@4       10024090     kernel32:KERNEL32.dll
 0002:00000094       __imp__VirtualFree@12      10024094     kernel32:KERNEL32.dll
 0002:00000098       __imp__VirtualAlloc@16     10024098     kernel32:KERNEL32.dll
 0002:0000009c       __imp__HeapReAlloc@16      1002409c     kernel32:KERNEL32.dll
 0002:000000a0       __imp__GetModuleFileNameA@12 100240a0     kernel32:KERNEL32.dll
 0002:000000a4       __imp__GetCPInfo@8         100240a4     kernel32:KERNEL32.dll
 0002:000000a8       __imp__InterlockedIncrement@4 100240a8     kernel32:KERNEL32.dll
 0002:000000ac       __imp__InterlockedDecrement@4 100240ac     kernel32:KERNEL32.dll
 0002:000000b0       __imp__GetACP@0            100240b0     kernel32:KERNEL32.dll
 0002:000000b4       __imp__GetOEMCP@0          100240b4     kernel32:KERNEL32.dll
 0002:000000b8       __imp__IsValidCodePage@4   100240b8     kernel32:KERNEL32.dll
 0002:000000bc       __imp__TlsGetValue@4       100240bc     kernel32:KERNEL32.dll
 0002:000000c0       __imp__TlsAlloc@0          100240c0     kernel32:KERNEL32.dll
 0002:000000c4       __imp__TlsSetValue@8       100240c4     kernel32:KERNEL32.dll
 0002:000000c8       __imp__TlsFree@4           100240c8     kernel32:KERNEL32.dll
 0002:000000cc       __imp__SetLastError@4      100240cc     kernel32:KERNEL32.dll
 0002:000000d0       __imp__RtlUnwind@16        100240d0     kernel32:KERNEL32.dll
 0002:000000d4       __imp__FreeEnvironmentStringsA@4 100240d4     kernel32:KERNEL32.dll
 0002:000000d8       __imp__GetEnvironmentStrings@0 100240d8     kernel32:KERNEL32.dll
 0002:000000dc       __imp__FreeEnvironmentStringsW@4 100240dc     kernel32:KERNEL32.dll
 0002:000000e0       __imp__GetEnvironmentStringsW@0 100240e0     kernel32:KERNEL32.dll
 0002:000000e4       __imp__QueryPerformanceCounter@4 100240e4     kernel32:KERNEL32.dll
 0002:000000e8       __imp__GetTickCount@0      100240e8     kernel32:KERNEL32.dll
 0002:000000ec       __imp__GetCurrentProcessId@0 100240ec     kernel32:KERNEL32.dll
 0002:000000f0       __imp__InitializeCriticalSectionAndSpinCount@8 100240f0     kernel32:KERNEL32.dll
 0002:000000f4       __imp__WriteConsoleA@20    100240f4     kernel32:KERNEL32.dll
 0002:000000f8       __imp__GetConsoleOutputCP@0 100240f8     kernel32:KERNEL32.dll
 0002:000000fc       __imp__WriteConsoleW@20    100240fc     kernel32:KERNEL32.dll
 0002:00000100       __imp__LoadLibraryA@4      10024100     kernel32:KERNEL32.dll
 0002:00000104       __imp__LCMapStringA@24     10024104     kernel32:KERNEL32.dll
 0002:00000108       __imp__LCMapStringW@24     10024108     kernel32:KERNEL32.dll
 0002:0000010c       __imp__GetStringTypeA@20   1002410c     kernel32:KERNEL32.dll
 0002:00000110       __imp__GetStringTypeW@16   10024110     kernel32:KERNEL32.dll
 0002:00000114       __imp__GetLocaleInfoA@16   10024114     kernel32:KERNEL32.dll
 0002:00000118       __imp__FlushFileBuffers@4  10024118     kernel32:KERNEL32.dll
 0002:0000011c       __imp__HeapSize@12         1002411c     kernel32:KERNEL32.dll
 0002:00000120       \177KERNEL32_NULL_THUNK_DATA 10024120     kernel32:KERNEL32.dll
 0002:00000124       ___xc_a                    10024124     LIBCMT:crt0init.obj
 0002:00000128       ___xc_z                    10024128     LIBCMT:crt0init.obj
 0002:0000012c       ___xi_a                    1002412c     LIBCMT:crt0init.obj
 0002:00000140       ___xi_z                    10024140     LIBCMT:crt0init.obj
 0002:00000144       ___xp_a                    10024144     LIBCMT:crt0init.obj
 0002:00000150       ___xp_z                    10024150     LIBCMT:crt0init.obj
 0002:00000154       ___xt_a                    10024154     LIBCMT:crt0init.obj
 0002:00000158       ___xt_z                    10024158     LIBCMT:crt0init.obj
 0002:00000160       ??_C@_0EA@FCLIIPNN@Visual?5C?$CL?$CL?5CRT?3?5Not?5enough?5memor@ 10024160     LIBCMT:strerror.obj
 0002:000001a0       __pDefaultRawDllMain       100241a0     LIBCMT:dllcrt0.obj
 0002:000001a0       __pRawDllMain              100241a0     LIBCMT:dllcrt0.obj
 0002:000001a4       ??_C@_1O@CEDCILHN@?$AA?$CI?$AAn?$AAu?$AAl?$AAl?$AA?$CJ?$AA?$AA@ 100241a4     LIBCMT:output.obj
 0002:000001b4       ??_C@_06OJHGLDPL@?$CInull?$CJ?$AA@ 100241b4     LIBCMT:output.obj
 0002:000001c0       ___lookuptable             100241c0     LIBCMT:output.obj
 0002:0000021c       ??_C@_0P@MIGLKIOC@CorExitProcess?$AA@ 1002421c     LIBCMT:crt0dat.obj
 0002:0000022c       ??_C@_1BI@BGOHAHKC@?$AAm?$AAs?$AAc?$AAo?$AAr?$AAe?$AAe?$AA?4?$AAd?$AAl?$AAl?$AA?$AA@ 1002422c     LIBCMT:crt0dat.obj
 0002:00000244       ??_C@_0P@GGKDKEEG@runtime?5error?5?$AA@ 10024244     LIBCMT:crt0msg.obj
 0002:00000254       ??_C@_02PCIJFNDE@?$AN?6?$AA@ 10024254     LIBCMT:crt0msg.obj
 0002:00000258       ??_C@_0O@MJNIPGOH@TLOSS?5error?$AN?6?$AA@ 10024258     LIBCMT:crt0msg.obj
 0002:00000268       ??_C@_0N@BONNPDHF@SING?5error?$AN?6?$AA@ 10024268     LIBCMT:crt0msg.obj
 0002:00000278       ??_C@_0P@MBDAJNE@DOMAIN?5error?$AN?6?$AA@ 10024278     LIBCMT:crt0msg.obj
 0002:00000288       ??_C@_0JL@DFDOOABL@R6034?$AN?6An?5application?5has?5made?5a@ 10024288     LIBCMT:crt0msg.obj
 0002:00000328       ??_C@_0PH@EPAFIJ@R6033?$AN?6?9?5Attempt?5to?5use?5MSIL?5cod@ 10024328     LIBCMT:crt0msg.obj
 0002:00000420       ??_C@_0DD@BKEEABMM@R6032?$AN?6?9?5not?5enough?5space?5for?5lo@ 10024420     LIBCMT:crt0msg.obj
 0002:00000458       ??_C@_0GD@OFKILIED@R6031?$AN?6?9?5Attempt?5to?5initialize?5t@ 10024458     LIBCMT:crt0msg.obj
 0002:000004bc       ??_C@_0BP@LPMHJOKI@R6030?$AN?6?9?5CRT?5not?5initialized?$AN?6?$AA@ 100244bc     LIBCMT:crt0msg.obj
 0002:000004dc       ??_C@_0CF@KJDAIALP@R6028?$AN?6?9?5unable?5to?5initialize?5he@ 100244dc     LIBCMT:crt0msg.obj
 0002:00000504       ??_C@_0DF@GAKBPDFP@R6027?$AN?6?9?5not?5enough?5space?5for?5lo@ 10024504     LIBCMT:crt0msg.obj
 0002:0000053c       ??_C@_0DF@IBLNNAIG@R6026?$AN?6?9?5not?5enough?5space?5for?5st@ 1002453c     LIBCMT:crt0msg.obj
 0002:00000574       ??_C@_0CG@IOHKGFNJ@R6025?$AN?6?9?5pure?5virtual?5function?5c@ 10024574     LIBCMT:crt0msg.obj
 0002:0000059c       ??_C@_0DF@JIJJFJDC@R6024?$AN?6?9?5not?5enough?5space?5for?5_o@ 1002459c     LIBCMT:crt0msg.obj
 0002:000005d4       ??_C@_0CJ@EGEJHFME@R6019?$AN?6?9?5unable?5to?5open?5console?5@ 100245d4     LIBCMT:crt0msg.obj
 0002:00000600       ??_C@_0CB@GNHNIELH@R6018?$AN?6?9?5unexpected?5heap?5error?$AN?6@ 10024600     LIBCMT:crt0msg.obj
 0002:00000624       ??_C@_0CN@FOLDKNG@R6017?$AN?6?9?5unexpected?5multithread?5@ 10024624     LIBCMT:crt0msg.obj
 0002:00000654       ??_C@_0CM@FAHFJNHO@R6016?$AN?6?9?5not?5enough?5space?5for?5th@ 10024654     LIBCMT:crt0msg.obj
 0002:00000680       ??_C@_0JG@LBKMGKLD@?$AN?6This?5application?5has?5requested@ 10024680     LIBCMT:crt0msg.obj
 0002:00000718       ??_C@_0CM@FLCNIPKK@R6009?$AN?6?9?5not?5enough?5space?5for?5en@ 10024718     LIBCMT:crt0msg.obj
 0002:00000744       ??_C@_0CK@KMMJOAPP@R6008?$AN?6?9?5not?5enough?5space?5for?5ar@ 10024744     LIBCMT:crt0msg.obj
 0002:00000770       ??_C@_0CN@LEKKICBM@R6002?$AN?6?9?5floating?5point?5support?5@ 10024770     LIBCMT:crt0msg.obj
 0002:000007a0       ??_C@_0CF@GOGNBNAK@Microsoft?5Visual?5C?$CL?$CL?5Runtime?5Lib@ 100247a0     LIBCMT:crt0msg.obj
 0002:000007c8       ??_C@_02PHMGELLB@?6?6?$AA@ 100247c8     LIBCMT:crt0msg.obj
 0002:000007cc       ??_C@_03KHICJKCI@?4?4?4?$AA@ 100247cc     LIBCMT:crt0msg.obj
 0002:000007d0       ??_C@_0BH@DNAGHKFM@?$DMprogram?5name?5unknown?$DO?$AA@ 100247d0     LIBCMT:crt0msg.obj
 0002:000007e8       ??_C@_0BK@OFGJDLJJ@Runtime?5Error?$CB?6?6Program?3?5?$AA@ 100247e8     LIBCMT:crt0msg.obj
 0002:00000888       ??_C@_0O@NLDKAIKN@EncodePointer?$AA@ 10024888     LIBCMT:tidtable.obj
 0002:00000898       ??_C@_1BK@DBDEIDLH@?$AAK?$AAE?$AAR?$AAN?$AAE?$AAL?$AA3?$AA2?$AA?4?$AAD?$AAL?$AAL?$AA?$AA@ 10024898     LIBCMT:tidtable.obj
 0002:000008b4       ??_C@_0O@KBPMFGHI@DecodePointer?$AA@ 100248b4     LIBCMT:tidtable.obj
 0002:000008c4       ??_C@_07PEJMOBNF@FlsFree?$AA@ 100248c4     LIBCMT:tidtable.obj
 0002:000008cc       ??_C@_0M@JCPCPOEF@FlsSetValue?$AA@ 100248cc     LIBCMT:tidtable.obj
 0002:000008d8       ??_C@_0M@GDNOONDI@FlsGetValue?$AA@ 100248d8     LIBCMT:tidtable.obj
 0002:000008e4       ??_C@_08KNHFBNJ@FlsAlloc?$AA@ 100248e4     LIBCMT:tidtable.obj
 0002:000008f0       ??_C@_0BG@KLEAJEFJ@Illegal?5byte?5sequence?$AA@ 100248f0     LIBCMT:syserr.obj
 0002:00000908       ??_C@_0BE@ICMCHPHH@Directory?5not?5empty?$AA@ 10024908     LIBCMT:syserr.obj
 0002:0000091c       ??_C@_0BJ@IHEHINLI@Function?5not?5implemented?$AA@ 1002491c     LIBCMT:syserr.obj
 0002:00000938       ??_C@_0BD@CLHBCGPB@No?5locks?5available?$AA@ 10024938     LIBCMT:syserr.obj
 0002:0000094c       ??_C@_0BC@BEDIHIDK@Filename?5too?5long?$AA@ 1002494c     LIBCMT:syserr.obj
 0002:00000960       ??_C@_0BK@JAEBMJJM@Resource?5deadlock?5avoided?$AA@ 10024960     LIBCMT:syserr.obj
 0002:0000097c       ??_C@_0BB@FCBJFCAJ@Result?5too?5large?$AA@ 1002497c     LIBCMT:syserr.obj
 0002:00000990       ??_C@_0N@MMJPGLJK@Domain?5error?$AA@ 10024990     LIBCMT:syserr.obj
 0002:000009a0       ??_C@_0M@LHEPIIOM@Broken?5pipe?$AA@ 100249a0     LIBCMT:syserr.obj
 0002:000009ac       ??_C@_0P@PKCJJLLM@Too?5many?5links?$AA@ 100249ac     LIBCMT:syserr.obj
 0002:000009bc       ??_C@_0BG@DDBFNKBH@Read?9only?5file?5system?$AA@ 100249bc     LIBCMT:syserr.obj
 0002:000009d4       ??_C@_0N@FEHLOILP@Invalid?5seek?$AA@ 100249d4     LIBCMT:syserr.obj
 0002:000009e4       ??_C@_0BI@FEALHKLD@No?5space?5left?5on?5device?$AA@ 100249e4     LIBCMT:syserr.obj
 0002:000009fc       ??_C@_0P@LFMMIPAE@File?5too?5large?$AA@ 100249fc     LIBCMT:syserr.obj
 0002:00000a0c       ??_C@_0CE@ONOKNLPF@Inappropriate?5I?1O?5control?5operat@ 10024a0c     LIBCMT:syserr.obj
 0002:00000a30       ??_C@_0BE@INBJMKGG@Too?5many?5open?5files?$AA@ 10024a30     LIBCMT:syserr.obj
 0002:00000a44       ??_C@_0BO@IIFBODJE@Too?5many?5open?5files?5in?5system?$AA@ 10024a44     LIBCMT:syserr.obj
 0002:00000a64       ??_C@_0BB@HMGGCEBG@Invalid?5argument?$AA@ 10024a64     LIBCMT:syserr.obj
 0002:00000a78       ??_C@_0P@NDHGCGKE@Is?5a?5directory?$AA@ 10024a78     LIBCMT:syserr.obj
 0002:00000a88       ??_C@_0BA@CJBACOOL@Not?5a?5directory?$AA@ 10024a88     LIBCMT:syserr.obj
 0002:00000a98       ??_C@_0P@NLEIANHE@No?5such?5device?$AA@ 10024a98     LIBCMT:syserr.obj
 0002:00000aa8       ??_C@_0O@OAMDNOCP@Improper?5link?$AA@ 10024aa8     LIBCMT:syserr.obj
 0002:00000ab8       ??_C@_0M@NAAJNNGH@File?5exists?$AA@ 10024ab8     LIBCMT:syserr.obj
 0002:00000ac4       ??_C@_0BA@BIBLIOEK@Resource?5device?$AA@ 10024ac4     LIBCMT:syserr.obj
 0002:00000ad4       ??_C@_0O@NIPGCINC@Unknown?5error?$AA@ 10024ad4     LIBCMT:syserr.obj
 0002:00000ae4       ??_C@_0M@LOEHLCJD@Bad?5address?$AA@ 10024ae4     LIBCMT:syserr.obj
 0002:00000af0       ??_C@_0BC@HFNFNKAI@Permission?5denied?$AA@ 10024af0     LIBCMT:syserr.obj
 0002:00000b04       ??_C@_0BB@IMDKMPFB@Not?5enough?5space?$AA@ 10024b04     LIBCMT:syserr.obj
 0002:00000b18       ??_C@_0CB@EPFKGNAK@Resource?5temporarily?5unavailable@ 10024b18     LIBCMT:syserr.obj
 0002:00000b3c       ??_C@_0BD@LOHELEP@No?5child?5processes?$AA@ 10024b3c     LIBCMT:syserr.obj
 0002:00000b50       ??_C@_0BE@NFGDDCEF@Bad?5file?5descriptor?$AA@ 10024b50     LIBCMT:syserr.obj
 0002:00000b64       ??_C@_0BC@HKPNECK@Exec?5format?5error?$AA@ 10024b64     LIBCMT:syserr.obj
 0002:00000b78       ??_C@_0BC@MFFGCDFL@Arg?5list?5too?5long?$AA@ 10024b78     LIBCMT:syserr.obj
 0002:00000b8c       ??_C@_0BK@DPKMCKJ@No?5such?5device?5or?5address?$AA@ 10024b8c     LIBCMT:syserr.obj
 0002:00000ba8       ??_C@_0BD@KKNFOBBD@Input?1output?5error?$AA@ 10024ba8     LIBCMT:syserr.obj
 0002:00000bbc       ??_C@_0BK@FJBOAFDK@Interrupted?5function?5call?$AA@ 10024bbc     LIBCMT:syserr.obj
 0002:00000bd8       ??_C@_0BA@FKIAIBGA@No?5such?5process?$AA@ 10024bd8     LIBCMT:syserr.obj
 0002:00000be8       ??_C@_0BK@FMDHKPNF@No?5such?5file?5or?5directory?$AA@ 10024be8     LIBCMT:syserr.obj
 0002:00000c04       ??_C@_0BI@BJFCGOHL@Operation?5not?5permitted?$AA@ 10024c04     LIBCMT:syserr.obj
 0002:00000c1c       ??_C@_08INEPGKHH@No?5error?$AA@ 10024c1c     LIBCMT:syserr.obj
 0002:00000c48       __XcptActTab               10024c48     LIBCMT:winxfltr.obj
 0002:00000cc0       ___lookuptable_s           10024cc0     LIBCMT:outputs.obj
 0002:00000d1c       ??_C@_0BI@DFKBFLJE@GetProcessWindowStation?$AA@ 10024d1c     LIBCMT:crtmbox.obj
 0002:00000d34       ??_C@_0BK@CIDNPOGP@GetUserObjectInformationA?$AA@ 10024d34     LIBCMT:crtmbox.obj
 0002:00000d50       ??_C@_0BD@HHGDFDBJ@GetLastActivePopup?$AA@ 10024d50     LIBCMT:crtmbox.obj
 0002:00000d64       ??_C@_0BA@HNOPNCHB@GetActiveWindow?$AA@ 10024d64     LIBCMT:crtmbox.obj
 0002:00000d74       ??_C@_0M@CHKKJDAI@MessageBoxA?$AA@ 10024d74     LIBCMT:crtmbox.obj
 0002:00000d80       ??_C@_0L@NDEGIDAG@USER32?4DLL?$AA@ 10024d80     LIBCMT:crtmbox.obj
 0002:00000d8c       ??_C@_13NOLLCAOD@?$AA?$AA?$AA?$AA@ 10024d8c     LIBCMT:a_map.obj
 0002:00000d90       ___newctype                10024d90     LIBCMT:ctype.obj
 0002:00001090       __wctype                   10025090     LIBCMT:ctype.obj
 0002:00001298       ___newclmap                10025298     LIBCMT:ctype.obj
 0002:00001418       ___newcumap                10025418     LIBCMT:ctype.obj
 0002:00001598       ??_C@_08JCCMCCIL@HH?3mm?3ss?$AA@ 10025598     LIBCMT:strftime.obj
 0002:000015a4       ??_C@_0BE@CKGJFCPC@dddd?0?5MMMM?5dd?0?5yyyy?$AA@ 100255a4     LIBCMT:strftime.obj
 0002:000015b8       ??_C@_08BPBNCDIB@MM?1dd?1yy?$AA@ 100255b8     LIBCMT:strftime.obj
 0002:000015c4       ??_C@_02CJNFDJBF@PM?$AA@   100255c4     LIBCMT:strftime.obj
 0002:000015c8       ??_C@_02DEDBPAFC@AM?$AA@   100255c8     LIBCMT:strftime.obj
 0002:000015cc       ??_C@_08EDHMEBNP@December?$AA@ 100255cc     LIBCMT:strftime.obj
 0002:000015d8       ??_C@_08HCHEGEOA@November?$AA@ 100255d8     LIBCMT:strftime.obj
 0002:000015e4       ??_C@_07JJNFCEND@October?$AA@ 100255e4     LIBCMT:strftime.obj
 0002:000015ec       ??_C@_09BHHEALKD@September?$AA@ 100255ec     LIBCMT:strftime.obj
 0002:000015f8       ??_C@_06LBBHFDDG@August?$AA@ 100255f8     LIBCMT:strftime.obj
 0002:00001600       ??_C@_04MIEPOIFP@July?$AA@ 10025600     LIBCMT:strftime.obj
 0002:00001608       ??_C@_04CNLMGBGM@June?$AA@ 10025608     LIBCMT:strftime.obj
 0002:00001610       ??_C@_05DMJDNLEJ@April?$AA@ 10025610     LIBCMT:strftime.obj
 0002:00001618       ??_C@_05HPCKOFNC@March?$AA@ 10025618     LIBCMT:strftime.obj
 0002:00001620       ??_C@_08GNJGEPFN@February?$AA@ 10025620     LIBCMT:strftime.obj
 0002:0000162c       ??_C@_07CGJPFGJA@January?$AA@ 1002562c     LIBCMT:strftime.obj
 0002:00001634       ??_C@_03MKABNOCG@Dec?$AA@  10025634     LIBCMT:strftime.obj
 0002:00001638       ??_C@_03JPJOFNIA@Nov?$AA@  10025638     LIBCMT:strftime.obj
 0002:0000163c       ??_C@_03BMAOKBAD@Oct?$AA@  1002563c     LIBCMT:strftime.obj
 0002:00001640       ??_C@_03GGCAPAJC@Sep?$AA@  10025640     LIBCMT:strftime.obj
 0002:00001644       ??_C@_03IFJFEIGA@Aug?$AA@  10025644     LIBCMT:strftime.obj
 0002:00001648       ??_C@_03LBGABGKK@Jul?$AA@  10025648     LIBCMT:strftime.obj
 0002:0000164c       ??_C@_03IDFGHECI@Jun?$AA@  1002564c     LIBCMT:strftime.obj
 0002:00001650       ??_C@_03CNMDKL@May?$AA@    10025650     LIBCMT:strftime.obj
 0002:00001654       ??_C@_03LEOLGMJP@Apr?$AA@  10025654     LIBCMT:strftime.obj
 0002:00001658       ??_C@_03ODNJBKGA@Mar?$AA@  10025658     LIBCMT:strftime.obj
 0002:0000165c       ??_C@_03HJBDCHOM@Feb?$AA@  1002565c     LIBCMT:strftime.obj
 0002:00001660       ??_C@_03JIHJHPIE@Jan?$AA@  10025660     LIBCMT:strftime.obj
 0002:00001664       ??_C@_08INBOOONO@Saturday?$AA@ 10025664     LIBCMT:strftime.obj
 0002:00001670       ??_C@_06JECMNKMI@Friday?$AA@ 10025670     LIBCMT:strftime.obj
 0002:00001678       ??_C@_08HACCIKIA@Thursday?$AA@ 10025678     LIBCMT:strftime.obj
 0002:00001684       ??_C@_09DLIGFAKA@Wednesday?$AA@ 10025684     LIBCMT:strftime.obj
 0002:00001690       ??_C@_07BAAGCFCM@Tuesday?$AA@ 10025690     LIBCMT:strftime.obj
 0002:00001698       ??_C@_06JLEDEDGH@Monday?$AA@ 10025698     LIBCMT:strftime.obj
 0002:000016a0       ??_C@_06OOPIFAJ@Sunday?$AA@ 100256a0     LIBCMT:strftime.obj
 0002:000016a8       ??_C@_03FEFJNEK@Sat?$AA@   100256a8     LIBCMT:strftime.obj
 0002:000016ac       ??_C@_03IDIOELNC@Fri?$AA@  100256ac     LIBCMT:strftime.obj
 0002:000016b0       ??_C@_03IOFIKPDN@Thu?$AA@  100256b0     LIBCMT:strftime.obj
 0002:000016b4       ??_C@_03MHOMLAJA@Wed?$AA@  100256b4     LIBCMT:strftime.obj
 0002:000016b8       ??_C@_03NAGEINEP@Tue?$AA@  100256b8     LIBCMT:strftime.obj
 0002:000016bc       ??_C@_03PDAGKDH@Mon?$AA@   100256bc     LIBCMT:strftime.obj
 0002:000016c0       ??_C@_03KOEHGMDN@Sun?$AA@  100256c0     LIBCMT:strftime.obj
 0002:000016cc       ??_C@_07GPDNMNG@CONOUT$?$AA@ 100256cc     LIBCMT:initcon.obj
 0002:000016d4       ___dnames                  100256d4     LIBCMT:timeset.obj
 0002:000016ec       ___mnames                  100256ec     LIBCMT:timeset.obj
 0002:00001714       ??_C@_05HBMOAMF@1?42?47?$AA@ 10025714     compress.obj
 0002:00001720       _z_errmsg                  10025720     zutil.obj
 0002:00001748       _zip_copyright             10025748     zip.obj
 0002:00001798       _unz_copyright             10025798     unzip.obj
 0002:00001e38       __dist_code                10025e38     trees.obj
 0002:00002038       __length_code              10026038     trees.obj
 0002:00002228       _inflate_copyright         10026228     inftrees.obj
 0002:000034a8       _deflate_copyright         100274a8     deflate.obj
 0002:00005570       ??_C@_07EBNKNFJN@?$DMfd?3?$CFd?$DO?$AA@ 10029570     gzlib.obj
 0002:00005578       ??_C@_00CNPNBAHC@?$AA@     10029578     gzlib.obj
 0002:0000557c       ??_C@_0O@BNNCBLEN@out?5of?5memory?$AA@ 1002957c     gzlib.obj
 0002:0000558c       ??_C@_02LMMGGCAJ@?3?5?$AA@ 1002958c     gzlib.obj
 0002:00005590       ??_C@_0BH@CFIIDOJD@unexpected?5end?5of?5file?$AA@ 10029590     gzread.obj
 0002:000055a8       ??_C@_0CH@CPOLIEKA@internal?5error?3?5inflate?5stream?5c@ 100295a8     gzread.obj
 0002:000055d0       ??_C@_0BG@HCKBMIHF@compressed?5data?5error?$AA@ 100295d0     gzread.obj
 0002:000055e8       ??_C@_0CF@MLPJFDMM@requested?5length?5does?5not?5fit?5in@ 100295e8     gzread.obj
 0002:00005610       ??_C@_0BP@IIKIGMCC@out?5of?5room?5to?5push?5characters?$AA@ 10029610     gzread.obj
 0002:00005630       ??_C@_0CH@DEEGAHIB@internal?5error?3?5deflate?5stream?5c@ 10029630     gzwrite.obj
 0002:00005658       ??_C@_0BD@PJCBIDD@invalid?5block?5type?$AA@ 10029658     infback.obj
 0002:0000566c       ??_C@_0BN@LGAADGOK@invalid?5stored?5block?5lengths?$AA@ 1002966c     infback.obj
 0002:0000568c       ??_C@_0CE@GMIGFPBB@too?5many?5length?5or?5distance?5symb@ 1002968c     infback.obj
 0002:000056b0       ??_C@_0BJ@HDEPPGOH@invalid?5code?5lengths?5set?$AA@ 100296b0     infback.obj
 0002:000056cc       ??_C@_0BK@BMMPFBBH@invalid?5bit?5length?5repeat?$AA@ 100296cc     infback.obj
 0002:000056e8       ??_C@_0CF@DGDMADCD@invalid?5code?5?9?9?5missing?5end?9of?9b@ 100296e8     infback.obj
 0002:00005710       ??_C@_0BM@IIMGAINC@invalid?5literal?1lengths?5set?$AA@ 10029710     infback.obj
 0002:0000572c       ??_C@_0BG@GMDFCBGP@invalid?5distances?5set?$AA@ 1002972c     infback.obj
 0002:00005744       ??_C@_0BM@FFFLPBBC@invalid?5literal?1length?5code?$AA@ 10029744     infback.obj
 0002:00005760       ??_C@_0BG@LBKINIKP@invalid?5distance?5code?$AA@ 10029760     infback.obj
 0002:00005778       ??_C@_0BO@ECPMAOGG@invalid?5distance?5too?5far?5back?$AA@ 10029778     infback.obj
 0002:00005798       ??_C@_0BH@LIBMMIGA@incorrect?5header?5check?$AA@ 10029798     inflate.obj
 0002:000057b0       ??_C@_0BL@IHKGDAEE@unknown?5compression?5method?$AA@ 100297b0     inflate.obj
 0002:000057cc       ??_C@_0BE@EMOGCLGO@invalid?5window?5size?$AA@ 100297cc     inflate.obj
 0002:000057e0       ??_C@_0BJ@BLBBCOMO@unknown?5header?5flags?5set?$AA@ 100297e0     inflate.obj
 0002:000057fc       ??_C@_0BE@GONKLEPM@header?5crc?5mismatch?$AA@ 100297fc     inflate.obj
 0002:00005810       ??_C@_0BF@MEIGEHBE@incorrect?5data?5check?$AA@ 10029810     inflate.obj
 0002:00005828       ??_C@_0BH@FGKKJGOC@incorrect?5length?5check?$AA@ 10029828     inflate.obj
 0002:00005840       ??_C@_02JDPG@rb?$AA@       10029840     ioapi.obj
 0002:00005844       ??_C@_03HMFOOINA@r?$CLb?$AA@ 10029844     ioapi.obj
 0002:00005848       ??_C@_02GMLFBBN@wb?$AA@    10029848     ioapi.obj
 0002:0000584c       ??_C@_01JOAMLHOP@?9?$AA@   1002984c     zip.obj
 0002:00005850       ??_C@_0BF@CJFPCCEG@incompatible?5version?$AA@ 10029850     zutil.obj
 0002:00005868       ??_C@_0N@DFPGLBGC@buffer?5error?$AA@ 10029868     zutil.obj
 0002:00005878       ??_C@_0BE@OGGJBMCE@insufficient?5memory?$AA@ 10029878     zutil.obj
 0002:0000588c       ??_C@_0L@HAHMBNLP@data?5error?$AA@ 1002988c     zutil.obj
 0002:00005898       ??_C@_0N@MKKNPMJD@stream?5error?$AA@ 10029898     zutil.obj
 0002:000058a8       ??_C@_0L@KIJFAKBJ@file?5error?$AA@ 100298a8     zutil.obj
 0002:000058b4       ??_C@_0L@FNAOCBOG@stream?5end?$AA@ 100298b4     zutil.obj
 0002:000058c0       ??_C@_0BA@MOKMMFOD@need?5dictionary?$AA@ 100298c0     zutil.obj
 0002:000058d0       ___rtc_iaa                 100298d0     LIBCMT:_initsect_.obj
 0002:000058d4       ___rtc_izz                 100298d4     LIBCMT:_initsect_.obj
 0002:000058d8       ___rtc_taa                 100298d8     LIBCMT:_initsect_.obj
 0002:000058dc       ___rtc_tzz                 100298dc     LIBCMT:_initsect_.obj
 0002:00005ddc       __IMPORT_DESCRIPTOR_KERNEL32 10029ddc     kernel32:KERNEL32.dll
 0002:00005df0       __NULL_IMPORT_DESCRIPTOR   10029df0     kernel32:KERNEL32.dll
 0003:00000180       ___nullstring              1002c180     LIBCMT:output.obj
 0003:00000184       ___wnullstring             1002c184     LIBCMT:output.obj
 0003:00000188       ___badioinfo               1002c188     LIBCMT:ioinit.obj
 0003:000001c8       __lookuptrailbytes         1002c1c8     LIBCMT:read.obj
 0003:000002c8       __aexit_rtn                1002c2c8     LIBCMT:crt0dat.obj
 0003:000002cc       __amblksiz                 1002c2cc     LIBCMT:heapinit.obj
 0003:000004a8       ___initialmbcinfo          1002c4a8     LIBCMT:mbctype.obj
 0003:000006c8       __mbctype                  1002c6c8     LIBCMT:mbctype.obj
 0003:000007d0       __mbcasemap                1002c7d0     LIBCMT:mbctype.obj
 0003:000008d0       ___ptmbcinfo               1002c8d0     LIBCMT:mbctype.obj
 0003:000009cc       ___globallocalestatus      1002c9cc     LIBCMT:glstatus.obj
 0003:000009d0       ___clocalestr              1002c9d0     LIBCMT:nlsdata2.obj
 0003:000009d8       ___initiallocinfo          1002c9d8     LIBCMT:nlsdata2.obj
 0003:00000ab0       ___ptlocinfo               1002cab0     LIBCMT:nlsdata2.obj
 0003:00000ab4       ___lc_clike                1002cab4     LIBCMT:nlsdata2.obj
 0003:00000ab8       ___initiallocalestructinfo 1002cab8     LIBCMT:nlsdata2.obj
 0003:00000ac0       ___flsindex                1002cac0     LIBCMT:tidtable.obj
 0003:00000ac4       ___getvalueindex           1002cac4     LIBCMT:tidtable.obj
 0003:00000ac8       ___security_cookie         1002cac8     LIBCMT:gs_cookie.obj
 0003:00000acc       ___security_cookie_complement 1002cacc     LIBCMT:gs_cookie.obj
 0003:00000ad0       __sys_errlist              1002cad0     LIBCMT:syserr.obj
 0003:00000b80       __sys_nerr                 1002cb80     LIBCMT:syserr.obj
 0003:00000b90       __iob                      1002cb90     LIBCMT:_file.obj
 0003:00000e10       __First_FPE_Indx           1002ce10     LIBCMT:winxfltr.obj
 0003:00000e14       __Num_FPE                  1002ce14     LIBCMT:winxfltr.obj
 0003:00000e18       __XcptActTabSize           1002ce18     LIBCMT:winxfltr.obj
 0003:00000e1c       __XcptActTabCount          1002ce1c     LIBCMT:winxfltr.obj
 0003:00000e20       __cfltcvt_tab              1002ce20     LIBCMT:cmiscdat.obj
 0003:00000e60       __pctype                   1002ce60     LIBCMT:ctype.obj
 0003:00000e64       __pwctype                  1002ce64     LIBCMT:ctype.obj
 0003:00000e68       ___lc_time_c               1002ce68     LIBCMT:strftime.obj
 0003:00000f20       ___lc_time_curr            1002cf20     LIBCMT:strftime.obj
 0003:00000f24       ___lconv_static_decimal    1002cf24     LIBCMT:lconv.obj
 0003:00000f28       ___lconv_c                 1002cf28     LIBCMT:lconv.obj
 0003:00000f58       ___lconv                   1002cf58     LIBCMT:lconv.obj
 0003:00000f5c       ___mb_cur_max              1002cf5c     LIBCMT:nlsdata1.obj
 0003:00000f60       ___decimal_point           1002cf60     LIBCMT:nlsdata1.obj
 0003:00000f64       ___decimal_point_length    1002cf64     LIBCMT:nlsdata1.obj
 0003:00000f70       __NLG_Destination          1002cf70     LIBCMT:exsup.obj
 0003:00000f80       __coninpfh                 1002cf80     LIBCMT:initcon.obj
 0003:00000f84       __confh                    1002cf84     LIBCMT:initcon.obj
 0003:00000f88       ___abort_behavior          1002cf88     LIBCMT:abort.obj
 0003:00000f90       __timezone                 1002cf90     LIBCMT:timeset.obj
 0003:00000f94       __daylight                 1002cf94     LIBCMT:timeset.obj
 0003:00000f98       __dstbias                  1002cf98     LIBCMT:timeset.obj
 0003:00001020       __tzname                   1002d020     LIBCMT:timeset.obj
 0003:00001040       __lpdays                   1002d040     LIBCMT:days.obj
 0003:00001074       __days                     1002d074     LIBCMT:days.obj
 0003:00001104       __aenvptr                  1002d104     LIBCMT:dllcrt0.obj
 0003:00001108       __wenvptr                  1002d108     LIBCMT:dllcrt0.obj
 0003:0000110c       ___error_mode              1002d10c     LIBCMT:dllcrt0.obj
 0003:00001110       ___app_type                1002d110     LIBCMT:dllcrt0.obj
 0003:00001114       ___pInvalidArgHandler      1002d114     LIBCMT:invarg.obj
 0003:00001118       __umaskval                 1002d118     LIBCMT:crt0dat.obj
 0003:0000111c       ___argc                    1002d11c     LIBCMT:crt0dat.obj
 0003:00001120       ___argv                    1002d120     LIBCMT:crt0dat.obj
 0003:00001124       ___wargv                   1002d124     LIBCMT:crt0dat.obj
 0003:00001128       __environ                  1002d128     LIBCMT:crt0dat.obj
 0003:0000112c       ___initenv                 1002d12c     LIBCMT:crt0dat.obj
 0003:00001130       __wenviron                 1002d130     LIBCMT:crt0dat.obj
 0003:00001134       ___winitenv                1002d134     LIBCMT:crt0dat.obj
 0003:00001138       __pgmptr                   1002d138     LIBCMT:crt0dat.obj
 0003:0000113c       __wpgmptr                  1002d13c     LIBCMT:crt0dat.obj
 0003:00001140       __exitflag                 1002d140     LIBCMT:crt0dat.obj
 0003:00001144       __C_Termination_Done       1002d144     LIBCMT:crt0dat.obj
 0003:00001148       __C_Exit_Done              1002d148     LIBCMT:crt0dat.obj
 0003:0000114c       __crtheap                  1002d14c     LIBCMT:heapinit.obj
 0003:000012a0       ___sbh_pHeaderDefer        1002d2a0     LIBCMT:sbheap.obj
 0003:000015bc       ?_pnhHeap@@3P6AHI@ZA       1002d5bc     LIBCMT:handler.obj
 0003:000015c0       __newmode                  1002d5c0     LIBCMT:_newmode.obj
 0003:000015c8       ___mbulinfo                1002d5c8     LIBCMT:mbctype.obj
 0003:000015d4       ___mbcodepage              1002d5d4     LIBCMT:mbctype.obj
 0003:000015d8       ___ismbcodepage            1002d5d8     LIBCMT:mbctype.obj
 0003:000015dc       ___mblcid                  1002d5dc     LIBCMT:mbctype.obj
 0003:000015e0       ___locale_changed          1002d5e0     LIBCMT:setlocal.obj
 0003:000015e4       ___lc_handle               1002d5e4     LIBCMT:nlsdata2.obj
 0003:000015fc       ___lc_codepage             1002d5fc     LIBCMT:nlsdata2.obj
 0003:00001600       ___lc_collate_cp           1002d600     LIBCMT:nlsdata2.obj
 0003:00001604       _gpFlsAlloc                1002d604     LIBCMT:tidtable.obj
 0003:00001608       _gpFlsGetValue             1002d608     LIBCMT:tidtable.obj
 0003:0000160c       _gpFlsSetValue             1002d60c     LIBCMT:tidtable.obj
 0003:00001610       _gpFlsFree                 1002d610     LIBCMT:tidtable.obj
 0003:00001614       __maxwait                  1002d614     LIBCMT:crtheap.obj
 0003:00001618       __cflush                   1002d618     LIBCMT:_file.obj
 0003:00001734       ?__pInconsistency@@3P6AXXZA 1002d734     LIBCMT:hooks.obj
 0003:00001758       ___pPurecall               1002d758     LIBCMT:inithelp.obj
 0003:0000175c       __fmode                    1002d75c     LIBCMT:txtmode.obj
 0003:0000177c       ___lconv_static_null       1002d77c     LIBCMT:lconv.obj
 0003:00001aa4       __commode                  1002daa4     LIBCMT:ncommode.obj
 0003:00001aa8       __stdbuf                   1002daa8     LIBCMT:_sftbuf.obj
 0003:00001b6c       __debugger_hook_dummy      1002db6c     <common>
 0003:00001b70       ___piob                    1002db70     <common>
 0003:00001b80       __bufin                    1002db80     <common>
 0003:00002b80       __nstream                  1002eb80     <common>
 0003:00002b84       ___sbh_cntHeaderList       1002eb84     <common>
 0003:00002b88       ___sbh_pHeaderList         1002eb88     <common>
 0003:00002b8c       ___sbh_threshold           1002eb8c     <common>
 0003:00002b90       ___sbh_pHeaderScan         1002eb90     <common>
 0003:00002b94       ___sbh_sizeHeaderList      1002eb94     <common>
 0003:00002b98       ___sbh_indGroupDefer       1002eb98     <common>
 0003:00002b9c       ___active_heap             1002eb9c     <common>
 0003:00002ba0       ___env_initialized         1002eba0     <common>
 0003:00002ba4       ___onexitend               1002eba4     <common>
 0003:00002ba8       ___onexitbegin             1002eba8     <common>
 0003:00002bac       ___mbctype_initialized     1002ebac     <common>
 0003:00002bb0       __FPinit                   1002ebb0     <common>
 0003:00002bb4       ___dyn_tls_init_callback   1002ebb4     <common>
 0003:00002bb8       __pDestructExceptionObject 1002ebb8     <common>
 0003:00002bbc       __nhandle                  1002ebbc     <common>
 0003:00002bc0       ___pioinfo                 1002ebc0     <common>
 0003:00002cc0       ___sse2_available          1002ecc0     <common>
 0003:00002cc4       __acmdln                   1002ecc4     <common>

 entry point at        0001:00018e08

 Static symbols

 0001:00000490       _adler32_combine_          10001490 f    CIL library: CIL module
 0001:000008e0       _crc32_little              100018e0 f    CIL library: CIL module
 0001:00000ce0       _crc32_big                 10001ce0 f    CIL library: CIL module
 0001:00001150       _gf2_matrix_times          10002150 f    CIL library: CIL module
 0001:00001190       _gf2_matrix_square         10002190 f    CIL library: CIL module
 0001:000011e0       _crc32_combine_            100021e0 f    CIL library: CIL module
 0001:00001f20       _putShortMSB               10002f20 f    CIL library: CIL module
 0001:00001f70       _flush_pending             10002f70 f    CIL library: CIL module
 0001:000032a0       _read_buf                  100042a0 f    CIL library: CIL module
 0001:00003360       _lm_init                   10004360 f    CIL library: CIL module
 0001:00003470       _fill_window               10004470 f    CIL library: CIL module
 0001:00003860       _deflate_stored            10004860 f    CIL library: CIL module
 0001:00003b20       _deflate_fast              10004b20 f    CIL library: CIL module
 0001:00004100       _deflate_slow              10005100 f    CIL library: CIL module
 0001:00004870       _deflate_rle               10005870 f    CIL library: CIL module
 0001:00004db0       _deflate_huff              10005db0 f    CIL library: CIL module
 0001:00005080       _gz_reset                  10006080 f    CIL library: CIL module
 0001:000050f0       _gz_open                   100060f0 f    CIL library: CIL module
 0001:00005df0       _gz_load                   10006df0 f    CIL library: CIL module
 0001:00005e80       _gz_avail                  10006e80 f    CIL library: CIL module
 0001:00005f60       _gz_look                   10006f60 f    CIL library: CIL module
 0001:000061b0       _gz_decomp                 100071b0 f    CIL library: CIL module
 0001:000062f0       _gz_fetch                  100072f0 f    CIL library: CIL module
 0001:000063e0       _gz_skip                   100073e0 f    CIL library: CIL module
 0001:00006c50       _gz_init                   10007c50 f    CIL library: CIL module
 0001:00006db0       _gz_comp                   10007db0 f    CIL library: CIL module
 0001:00006f70       _gz_zero                   10007f70 f    CIL library: CIL module
 0001:000078f0       _fixedtables               100088f0 f    CIL library: CIL module
 0001:000090f0       _fixedtables               1000a0f0 f    CIL library: CIL module
 0001:00009120       _updatewindow              1000a120 f    CIL library: CIL module
 0001:0000b4c0       _syncsearch                1000c4c0 f    CIL library: CIL module
 0001:0000c180       _fopen64_file_func         1000d180 f    CIL library: CIL module
 0001:0000c1f0       _fread_file_func           1000d1f0 f    CIL library: CIL module
 0001:0000c220       _fwrite_file_func          1000d220 f    CIL library: CIL module
 0001:0000c250       _ftell64_file_func         1000d250 f    CIL library: CIL module
 0001:0000c280       _fseek64_file_func         1000d280 f    CIL library: CIL module
 0001:0000c300       _fclose_file_func          1000d300 f    CIL library: CIL module
 0001:0000c320       _ferror_file_func          1000d320 f    CIL library: CIL module
 0001:0000c3a0       _win32_translate_open_mode 1000d3a0 f    CIL library: CIL module
 0001:0000c430       _win32_build_iowin         1000d430 f    CIL library: CIL module
 0001:0000ca70       _tr_static_init            1000da70 f    CIL library: CIL module
 0001:0000cb10       _init_block                1000db10 f    CIL library: CIL module
 0001:0000cbe0       _pqdownheap                1000dbe0 f    CIL library: CIL module
 0001:0000cd70       _gen_bitlen                1000dd70 f    CIL library: CIL module
 0001:0000d080       _gen_codes                 1000e080 f    CIL library: CIL module
 0001:0000d140       _build_tree                1000e140 f    CIL library: CIL module
 0001:0000d4e0       _scan_tree                 1000e4e0 f    CIL library: CIL module
 0001:0000d680       _send_tree                 1000e680 f    CIL library: CIL module
 0001:0000e0f0       _build_bl_tree             1000f0f0 f    CIL library: CIL module
 0001:0000e1b0       _send_all_trees            1000f1b0 f    CIL library: CIL module
 0001:0000ee30       _compress_block            1000fe30 f    CIL library: CIL module
 0001:0000f610       _detect_data_type          10010610 f    CIL library: CIL module
 0001:0000f6d0       _bi_reverse                100106d0 f    CIL library: CIL module
 0001:0000f710       _bi_flush                  10010710 f    CIL library: CIL module
 0001:0000f800       _bi_windup                 10010800 f    CIL library: CIL module
 0001:0000f8c0       _copy_block                100108c0 f    CIL library: CIL module
 0001:0000fa90       _zip64local_getByte        10010a90 f    CIL library: CIL module
 0001:0000fa90       _unz64local_getByte        10010a90 f    CIL library: CIL module
 0001:0000fb00       _unz64local_getShort       10010b00 f    CIL library: CIL module
 0001:0000fb80       _unz64local_getLong        10010b80 f    CIL library: CIL module
 0001:0000fc50       _unz64local_getLong64      10010c50 f    CIL library: CIL module
 0001:0000fe20       _strcmpcasenosensitive_internal 10010e20 f    CIL library: CIL module
 0001:0000ff10       _unz64local_SearchCentralDir64 10010f10 f    CIL library: CIL module
 0001:00010270       _unzOpenInternal           10011270 f    CIL library: CIL module
 0001:00010a10       _unz64local_DosDateToTmuDate 10011a10 f    CIL library: CIL module
 0001:00010af0       _unz64local_GetCurrentFileInfoInternal 10011af0 f    CIL library: CIL module
 0001:000117c0       _unz64local_CheckCurrentFileCoherencyHeader 100127c0 f    CIL library: CIL module
 0001:000127c0       _decrypt_byte              100137c0 f    CIL library: CIL module
 0001:000127f0       _update_keys               100137f0 f    CIL library: CIL module
 0001:00012880       _init_keys                 10013880 f    CIL library: CIL module
 0001:000128d0       _crypthead                 100138d0 f    CIL library: CIL module
 0001:00012aa0       _allocate_new_datablock    10013aa0 f    CIL library: CIL module
 0001:00012ae0       _free_datablock            10013ae0 f    CIL library: CIL module
 0001:00012b10       _init_linkedlist           10013b10 f    CIL library: CIL module
 0001:00012b30       _free_linkedlist           10013b30 f    CIL library: CIL module
 0001:00012b60       _add_data_in_datablock     10013b60 f    CIL library: CIL module
 0001:00012c90       _zip64local_putValue       10013c90 f    CIL library: CIL module
 0001:00012d40       _zip64local_putValue_inmemory 10013d40 f    CIL library: CIL module
 0001:00012dd0       _zip64local_TmzDateToDosDate 10013dd0 f    CIL library: CIL module
 0001:00012e50       _zip64local_getShort       10013e50 f    CIL library: CIL module
 0001:00012ed0       _zip64local_getLong        10013ed0 f    CIL library: CIL module
 0001:00012fa0       _zip64local_getLong64      10013fa0 f    CIL library: CIL module
 0001:00013180       _zip64local_SearchCentralDir 10014180 f    CIL library: CIL module
 0001:00013180       _unz64local_SearchCentralDir 10014180 f    CIL library: CIL module
 0001:000133c0       _zip64local_SearchCentralDir64 100143c0 f    CIL library: CIL module
 0001:00014d00       _zip64FlushWriteBuffer     10015d00 f    CIL library: CIL module
 0001:00016fe5       __tsopen_nolock            10017fe5 f   LIBCMT:wopen.obj
 0001:00018d12       ___DllMainCRTStartup       10019d12 f   LIBCMT:dllcrt0.obj
 0001:00018e2b       _fastcopy_I                10019e2b f   LIBCMT:p4_memcpy.obj
 0001:00018f95       _has_osfxsr_set            10019f95 f   LIBCMT:cpu_disp.obj
 0001:00019054       _fastzero_I                1001a054 f   LIBCMT:p4_memset.obj
 0001:0001929e       _write_char                1001a29e f   LIBCMT:output.obj
 0001:000192d1       _write_multi_char          1001a2d1 f   LIBCMT:output.obj
 0001:000192f7       _write_string              1001a2f7 f   LIBCMT:output.obj
 0001:0001bbbc       __initterm                 1001cbbc f   LIBCMT:crt0dat.obj
 0001:0001bc82       _doexit                    1001cc82 f   LIBCMT:crt0dat.obj
 0001:0001ce48       ?CPtoLCID@@YAHH@Z          1001de48 f   LIBCMT:mbctype.obj
 0001:0001ce77       ?setSBCS@@YAXPAUthreadmbcinfostruct@@@Z 1001de77 f   LIBCMT:mbctype.obj
 0001:0001cedb       ?setSBUpLow@@YAXPAUthreadmbcinfostruct@@@Z 1001dedb f   LIBCMT:mbctype.obj
 0001:0001d112       ?getSystemCP@@YAHH@Z       1001e112 f   LIBCMT:mbctype.obj
 0001:0001d79c       __updatetlocinfoEx_nolock  1001e79c f   LIBCMT:setlocal.obj
 0001:0001e420       _flsall                    1001f420 f   LIBCMT:fflush.obj
 0001:0001e994       __unwind_handler4          1001f994 f   LIBCMT:exsup4.obj
 0001:0001ed76       _parse_cmdline             1001fd76 f   LIBCMT:stdargv.obj
 0001:0001fa83       __onexit_nolock            10020a83 f   LIBCMT:onexit.obj
 0001:0001fc29       _siglookup                 10020c29 f   LIBCMT:winsig.obj
 0001:000203ed       ?__crtLCMapStringA_stat@@YAHPAUlocaleinfo_struct@@KKPBDHPADHHH@Z 100213ed f   LIBCMT:a_map.obj
 0001:000207d7       ?__crtGetStringTypeA_stat@@YAHPAUlocaleinfo_struct@@KPBDHPAGHHH@Z 100217d7 f   LIBCMT:a_str.obj
 0001:0002134f       __tsopen_nolock            1002234f f   LIBCMT:open.obj
 0001:00021ffc       __unwind_handler           10022ffc f   LIBCMT:exsup.obj
 0001:00022113       ?x_ismbbtype_l@@YAHPAUlocaleinfo_struct@@IHH@Z 10023113 f   LIBCMT:ismbbyte.obj
 0001:00022187       ?strtoxl@@YAKPAUlocaleinfo_struct@@PBDPAPBDHH@Z 10023187 f   LIBCMT:strtol.obj
